{"logTime": "0508/041148", "correlationVector":"Rdknb4F8jkDpmINvWhFRIf.1","action":"SyncServerConnectionManagerRequest", "result":"SYNC_SERVER_OK", "context":{"environment":"Prod_eastus2_prod-s01-050-nam-eastus2", "migrationStage":"NotStarted", "server":"akswtt00700002r"}}
{"logTime": "0508/041148", "correlationVector":"Rdknb4F8jkDpmINvWhFRIf.2","action":"ProcessGetUpdates", "result":"Done", "context":{"dataType":"Encryption Keys", "deleted":"0", "process_failed_to_decrypt":"0", "process_pending_decryption":"0", "process_success":"1", "total":"1"}}
{"logTime": "0508/041149", "correlationVector":"oBLFWQLrS1PYjBvTtQWHHE","action":"SyncServerConnectionManagerRequest", "result":"SYNC_SERVER_OK", "context":{"environment":"", "migrationStage":"", "server":""}}
{"logTime": "0508/041149", "correlationVector":"oBLFWQLrS1PYjBvTtQWHHE.0","action":"EncryptionKeysFetcher.DownloadKeys:", "result":"Success", "context":Key count: 10, Last key timestamp: 2025-04-11T21:40:18Z}
{"logTime": "0508/041149", "correlationVector":"oBLFWQLrS1PYjBvTtQWHHE.1","action":"EncryptionKeysManager::SetEncryptionKeys:", "result":"Success", "context":Key names[10]:[9hxBfvYgOFs5Tdh4wY8i7IG2KA200YAR9QSmqYsXRUdilUEETgzRN1+V/IV51YfbvpPG9PrdMA4dhcbEuzzIdw==][Z28KmYRlZdXGcuGM2RYAzB4RQ1lO9twMqbzC+7vRek8NR2ADgVUrOf33cEDsNEgNAawVYRY3WgBgn1qG3mbBVQ==][TIL1FstQESVMzqPSYge7xY+MMNe3TB+1Tp6zfPeAgD22Y4/pwE6IblaXrwh+rUqqdRZ8BYtwQYgr0oLA6D7nrQ==][w2AuaCE5h4NoiMpaEcLEgCmVN6DdVabl52UG1YLkb3pmNFaXRyIhmIBXSh2bdHpby68xGoAbe2NQCI27JcaXWg==][zzqzJHEs3xs2JYo01t337M4Va7BS+MZs2S5buMEN9fyojZ0+qNLJ4zfpPVgOM9Np2XTvSAo0Q6Dwc6SYYJsXkQ==][Z2MeiV/pJvpD673dwCEMSDe9/W2z/amhGEsL145iQVjpB/t2F1K4Y3djmIQx/zARuGIIaHuYKI+dc2ww8VwrjA==][BaLzq5UwNa28NnG7+IMmfc2Wo3h433B0tPtiEhAYWR3YLk4C/pxOl6NbVLNVDL8z2qt5NtaJM9gGmx3hVKQGkA==][wUw7k3JBACcHvnwLORPQQP1sAudQ63v4GsJbcSECq9vTvYElOjSeLYZlGfGVvj3ZpvqkAaMbeWim53Z0qxPe9A==][prPqs7OCRpFPwmE02Kyw4Zr5shDsCU3yCKcD74DD55hZ8UfhE67Olj4A1FJca/yxAHXAreoyVnTtnbvYuBwczQ==][rit7lRfoBWDu4MYvGnm/sKrnu8zih1WfLn9MRnYkS5xsF5WlLoSmoRFOzEBF1LhA6zOMI3R9Ue9adcuapAdbfQ==]}
{"logTime": "0508/041149", "correlationVector":"oBLFWQLrS1PYjBvTtQWHHE.2","action":"EncryptionKeysManager::SetEncryptionKeysWithTimestamps:", "result":"Success", "context":Key timestamps[10]:[2021-01-15T17:33:39Z][2021-06-15T06:15:29Z][2021-06-30T05:14:13Z][2022-01-01T21:18:16Z][2022-07-05T07:17:50Z][2023-03-24T17:28:14Z][2023-09-28T14:53:24Z][2024-04-01T05:50:50Z][2024-10-13T20:40:25Z][2025-04-11T21:40:18Z]}
{"logTime": "0508/041149", "correlationVector":"Rdknb4F8jkDpmINvWhFRIf","action":"Initial GetUpdates", "result":"", "context":Reason: NEW_CLIENT. cV=Rdknb4F8jkDpmINvWhFRIf}
{"logTime": "0508/041149", "correlationVector":"Rdknb4F8jkDpmINvWhFRIf.3","action":"GetUpdates Response", "result":"Success", "context":Received 1 update(s). cV=Rdknb4F8jkDpmINvWhFRIf.0;server=akswtt00700002r;cloudType=Consumer;environment=Prod_eastus2_prod-s01-050-nam-eastus2;migrationStage=NotStarted}
{"logTime": "0508/041149", "correlationVector":"HVYJIFEXv5pDAeCAU2vluz","action":"Initial GetUpdates", "result":"", "context":Reason: NEWLY_SUPPORTED_DATATYPE. cV=HVYJIFEXv5pDAeCAU2vluz}
{"logTime": "0508/041149", "correlationVector":"HVYJIFEXv5pDAeCAU2vluz.1","action":"SyncServerConnectionManagerRequest", "result":"SYNC_SERVER_OK", "context":{"environment":"Prod_eastus2_prod-s01-050-nam-eastus2", "migrationStage":"NotStarted", "server":"akswtt00700002q"}}
{"logTime": "0508/041149", "correlationVector":"HVYJIFEXv5pDAeCAU2vluz.2","action":"ProcessGetUpdates", "result":"Done", "context":{"dataType":"Passwords", "deleted":"2", "process_failed_to_decrypt":"0", "process_pending_decryption":"0", "process_success":"29", "total":"29"}}
{"logTime": "0508/041149", "correlationVector":"HVYJIFEXv5pDAeCAU2vluz.3","action":"GetUpdates Response", "result":"Success", "context":Received 29 update(s). cV=HVYJIFEXv5pDAeCAU2vluz.0;server=akswtt00700002q;cloudType=Consumer;environment=Prod_eastus2_prod-s01-050-nam-eastus2;migrationStage=NotStarted}
{"logTime": "0508/041149", "correlationVector":"Gwmv4LvM5V/3iFKBDKsNGy","action":"Initial GetUpdates", "result":"", "context":Reason: NEWLY_SUPPORTED_DATATYPE. cV=Gwmv4LvM5V/3iFKBDKsNGy}
{"logTime": "0508/041150", "correlationVector":"Gwmv4LvM5V/3iFKBDKsNGy.1","action":"SyncServerConnectionManagerRequest", "result":"SYNC_SERVER_OK", "context":{"environment":"Prod_eastus2_prod-s01-050-nam-eastus2", "migrationStage":"NotStarted", "server":"akswtt00700006z"}}
{"logTime": "0508/041150", "correlationVector":"Gwmv4LvM5V/3iFKBDKsNGy.2","action":"ProcessGetUpdates", "result":"Done", "context":{"dataType":"Bookmarks", "deleted":"0", "process_failed_to_decrypt":"0", "process_pending_decryption":"0", "process_success":"71", "total":"71"}}
{"logTime": "0508/041150", "correlationVector":"Gwmv4LvM5V/3iFKBDKsNGy.3","action":"GetUpdates Response", "result":"Success", "context":Received 71 update(s). cV=Gwmv4LvM5V/3iFKBDKsNGy.0;server=akswtt00700006z;cloudType=Consumer;environment=Prod_eastus2_prod-s01-050-nam-eastus2;migrationStage=NotStarted}
{"logTime": "0508/041150", "correlationVector":"0iOv97NhDfHZDh6tijAR6v","action":"Initial GetUpdates", "result":"", "context":Reason: NEWLY_SUPPORTED_DATATYPE. cV=0iOv97NhDfHZDh6tijAR6v}
{"logTime": "0508/041150", "correlationVector":"0iOv97NhDfHZDh6tijAR6v.1","action":"SyncServerConnectionManagerRequest", "result":"SYNC_SERVER_OK", "context":{"environment":"Prod_eastus2_prod-s01-050-nam-eastus2", "migrationStage":"NotStarted", "server":"akswtt00700006o"}}
{"logTime": "0508/041150", "correlationVector":"0iOv97NhDfHZDh6tijAR6v.2","action":"ProcessGetUpdates", "result":"Done", "context":{"dataType":"Autofill Profiles", "deleted":"0", "process_failed_to_decrypt":"0", "process_pending_decryption":"0", "process_success":"10", "total":"10"}}
{"logTime": "0508/041150", "correlationVector":"0iOv97NhDfHZDh6tijAR6v.3","action":"ProcessGetUpdates", "result":"Done", "context":{"dataType":"Autofill", "deleted":"0", "process_failed_to_decrypt":"0", "process_pending_decryption":"0", "process_success":"38", "total":"38"}}
{"logTime": "0508/041150", "correlationVector":"0iOv97NhDfHZDh6tijAR6v.4","action":"GetUpdates Response", "result":"Success", "context":Received 48 update(s). cV=0iOv97NhDfHZDh6tijAR6v.0;server=akswtt00700006o;cloudType=Consumer;environment=Prod_eastus2_prod-s01-050-nam-eastus2;migrationStage=NotStarted}
{"logTime": "0508/041150", "correlationVector":"pfn2US6o58eNMZx3yclam0","action":"Initial GetUpdates", "result":"", "context":Reason: NEWLY_SUPPORTED_DATATYPE. cV=pfn2US6o58eNMZx3yclam0}
{"logTime": "0508/041150", "correlationVector":"pfn2US6o58eNMZx3yclam0.1","action":"SyncServerConnectionManagerRequest", "result":"SYNC_SERVER_OK", "context":{"environment":"Prod_eastus2_prod-s01-050-nam-eastus2", "migrationStage":"NotStarted", "server":"akswtt00700006o"}}
{"logTime": "0508/041150", "correlationVector":"pfn2US6o58eNMZx3yclam0.2","action":"ProcessGetUpdates", "result":"Done", "context":{"dataType":"History", "deleted":"0", "process_failed_to_decrypt":"0", "process_pending_decryption":"0", "process_success":"9", "total":"9"}}
{"logTime": "0508/041150", "correlationVector":"pfn2US6o58eNMZx3yclam0.3","action":"GetUpdates Response", "result":"Success", "context":Received 9 update(s). cV=pfn2US6o58eNMZx3yclam0.0;server=akswtt00700006o;cloudType=Consumer;environment=Prod_eastus2_prod-s01-050-nam-eastus2;migrationStage=NotStarted}
{"logTime": "0508/041150", "correlationVector":"wuXQWUOvy7ZS6LTy5ov7K4","action":"Normal GetUpdate request", "result":"", "context":cV=wuXQWUOvy7ZS6LTy5ov7K4
Nudged types: Bookmarks
Refresh requested types: Bookmarks, Passwords, Autofill Profiles, Autofill, History, Edge Wallet, Encryption Keys}
{"logTime": "0508/041150", "correlationVector":"wuXQWUOvy7ZS6LTy5ov7K4.1","action":"SyncServerConnectionManagerRequest", "result":"SYNC_SERVER_OK", "context":{"environment":"Prod_eastus2_prod-s01-050-nam-eastus2", "migrationStage":"NotStarted", "server":"akswtt007000058"}}
{"logTime": "0508/041150", "correlationVector":"wuXQWUOvy7ZS6LTy5ov7K4.2","action":"GetUpdates Response", "result":"Success", "context":Received 0 update(s). cV=wuXQWUOvy7ZS6LTy5ov7K4.0;server=akswtt007000058;cloudType=Consumer;environment=Prod_eastus2_prod-s01-050-nam-eastus2;migrationStage=NotStarted}
{"logTime": "0508/041150", "correlationVector":"BpL3HXwigPUInJRa5C5/vk","action":"Commit Request", "result":"", "context":Item count: 7
Contributing types: Bookmarks}
{"logTime": "0508/041151", "correlationVector":"BpL3HXwigPUInJRa5C5/vk.1","action":"SyncServerConnectionManagerRequest", "result":"SYNC_SERVER_OK", "context":{"environment":"Prod_eastus2_prod-s01-050-nam-eastus2", "migrationStage":"NotStarted", "server":"akswtt00700006z"}}
{"logTime": "0508/041151", "correlationVector":"BpL3HXwigPUInJRa5C5/vk.2","action":"Commit Response", "result":"Success", "context":Result: Success. cV=BpL3HXwigPUInJRa5C5/vk.0;server=akswtt00700006z;cloudType=Consumer;environment=Prod_eastus2_prod-s01-050-nam-eastus2;migrationStage=NotStarted}
{"logTime": "0508/044158", "correlationVector":"uCAsuoann0tUng1xUB+7YT","action":"Commit Request", "result":"", "context":Item count: 3
Contributing types: History}
{"logTime": "0508/044159", "correlationVector":"uCAsuoann0tUng1xUB+7YT.1","action":"SyncServerConnectionManagerRequest", "result":"SYNC_SERVER_OK", "context":{"environment":"Prod_eastus2_prod-s01-050-nam-eastus2", "migrationStage":"NotStarted", "server":"akswtt00700004m"}}
{"logTime": "0508/044159", "correlationVector":"uCAsuoann0tUng1xUB+7YT.2","action":"Commit Response", "result":"Success", "context":Result: Success. cV=uCAsuoann0tUng1xUB+7YT.0;server=akswtt00700004m;cloudType=Consumer;environment=Prod_eastus2_prod-s01-050-nam-eastus2;migrationStage=NotStarted}
{"logTime": "0508/044614", "correlationVector":"vu1/I0ZYRi6EyeBsHCAl3J","action":"Commit Request", "result":"", "context":Item count: 3
Contributing types: History}
{"logTime": "0508/044615", "correlationVector":"vu1/I0ZYRi6EyeBsHCAl3J.1","action":"SyncServerConnectionManagerRequest", "result":"SYNC_SERVER_OK", "context":{"environment":"Prod_eastus2_prod-s01-050-nam-eastus2", "migrationStage":"NotStarted", "server":"akswtt00700001c"}}
{"logTime": "0508/044615", "correlationVector":"vu1/I0ZYRi6EyeBsHCAl3J.2","action":"Commit Response", "result":"Success", "context":Result: Success. cV=vu1/I0ZYRi6EyeBsHCAl3J.0;server=akswtt00700001c;cloudType=Consumer;environment=Prod_eastus2_prod-s01-050-nam-eastus2;migrationStage=NotStarted}
{"logTime": "0508/045022", "correlationVector":"kcu8k5SpgeB611Szh2yYH5.1","action":"SyncServerConnectionManagerRequest", "result":"SYNC_SERVER_OK", "context":{"environment":"Prod_eastus2_prod-s01-050-nam-eastus2", "migrationStage":"NotStarted", "server":"akswtt00700001j"}}
{"logTime": "0508/045022", "correlationVector":"kcu8k5SpgeB611Szh2yYH5.2","action":"ProcessGetUpdates", "result":"Done", "context":{"dataType":"Encryption Keys", "deleted":"0", "process_failed_to_decrypt":"0", "process_pending_decryption":"0", "process_success":"1", "total":"1"}}
{"logTime": "0508/045023", "correlationVector":"QvppSdZRw+gT57lBFHxL25","action":"SyncServerConnectionManagerRequest", "result":"SYNC_SERVER_OK", "context":{"environment":"", "migrationStage":"", "server":""}}
{"logTime": "0508/045023", "correlationVector":"QvppSdZRw+gT57lBFHxL25.0","action":"EncryptionKeysFetcher.DownloadKeys:", "result":"Success", "context":Key count: 10, Last key timestamp: 2025-04-11T21:40:18Z}
{"logTime": "0508/045023", "correlationVector":"QvppSdZRw+gT57lBFHxL25.1","action":"EncryptionKeysManager::SetEncryptionKeys:", "result":"Success", "context":Key names[10]:[9hxBfvYgOFs5Tdh4wY8i7IG2KA200YAR9QSmqYsXRUdilUEETgzRN1+V/IV51YfbvpPG9PrdMA4dhcbEuzzIdw==][Z28KmYRlZdXGcuGM2RYAzB4RQ1lO9twMqbzC+7vRek8NR2ADgVUrOf33cEDsNEgNAawVYRY3WgBgn1qG3mbBVQ==][TIL1FstQESVMzqPSYge7xY+MMNe3TB+1Tp6zfPeAgD22Y4/pwE6IblaXrwh+rUqqdRZ8BYtwQYgr0oLA6D7nrQ==][w2AuaCE5h4NoiMpaEcLEgCmVN6DdVabl52UG1YLkb3pmNFaXRyIhmIBXSh2bdHpby68xGoAbe2NQCI27JcaXWg==][zzqzJHEs3xs2JYo01t337M4Va7BS+MZs2S5buMEN9fyojZ0+qNLJ4zfpPVgOM9Np2XTvSAo0Q6Dwc6SYYJsXkQ==][Z2MeiV/pJvpD673dwCEMSDe9/W2z/amhGEsL145iQVjpB/t2F1K4Y3djmIQx/zARuGIIaHuYKI+dc2ww8VwrjA==][BaLzq5UwNa28NnG7+IMmfc2Wo3h433B0tPtiEhAYWR3YLk4C/pxOl6NbVLNVDL8z2qt5NtaJM9gGmx3hVKQGkA==][wUw7k3JBACcHvnwLORPQQP1sAudQ63v4GsJbcSECq9vTvYElOjSeLYZlGfGVvj3ZpvqkAaMbeWim53Z0qxPe9A==][prPqs7OCRpFPwmE02Kyw4Zr5shDsCU3yCKcD74DD55hZ8UfhE67Olj4A1FJca/yxAHXAreoyVnTtnbvYuBwczQ==][rit7lRfoBWDu4MYvGnm/sKrnu8zih1WfLn9MRnYkS5xsF5WlLoSmoRFOzEBF1LhA6zOMI3R9Ue9adcuapAdbfQ==]}
{"logTime": "0508/045023", "correlationVector":"QvppSdZRw+gT57lBFHxL25.2","action":"EncryptionKeysManager::SetEncryptionKeysWithTimestamps:", "result":"Success", "context":Key timestamps[10]:[2021-01-15T17:33:39Z][2021-06-15T06:15:29Z][2021-06-30T05:14:13Z][2022-01-01T21:18:16Z][2022-07-05T07:17:50Z][2023-03-24T17:28:14Z][2023-09-28T14:53:24Z][2024-04-01T05:50:50Z][2024-10-13T20:40:25Z][2025-04-11T21:40:18Z]}
{"logTime": "0508/045023", "correlationVector":"kcu8k5SpgeB611Szh2yYH5","action":"Initial GetUpdates", "result":"", "context":Reason: NEW_CLIENT. cV=kcu8k5SpgeB611Szh2yYH5}
{"logTime": "0508/045023", "correlationVector":"kcu8k5SpgeB611Szh2yYH5.3","action":"GetUpdates Response", "result":"Success", "context":Received 1 update(s). cV=kcu8k5SpgeB611Szh2yYH5.0;server=akswtt00700001j;cloudType=Consumer;environment=Prod_eastus2_prod-s01-050-nam-eastus2;migrationStage=NotStarted}
{"logTime": "0508/045023", "correlationVector":"XZ+PSzSyDIFyoV6CoDYUY6","action":"Initial GetUpdates", "result":"", "context":Reason: NEWLY_SUPPORTED_DATATYPE. cV=XZ+PSzSyDIFyoV6CoDYUY6}
{"logTime": "0508/045023", "correlationVector":"XZ+PSzSyDIFyoV6CoDYUY6.1","action":"SyncServerConnectionManagerRequest", "result":"SYNC_SERVER_OK", "context":{"environment":"Prod_eastus2_prod-s01-050-nam-eastus2", "migrationStage":"NotStarted", "server":"akswtt00700002r"}}
{"logTime": "0508/045023", "correlationVector":"XZ+PSzSyDIFyoV6CoDYUY6.2","action":"ProcessGetUpdates", "result":"Done", "context":{"dataType":"Passwords", "deleted":"2", "process_failed_to_decrypt":"0", "process_pending_decryption":"0", "process_success":"29", "total":"29"}}
{"logTime": "0508/045023", "correlationVector":"XZ+PSzSyDIFyoV6CoDYUY6.3","action":"GetUpdates Response", "result":"Success", "context":Received 29 update(s). cV=XZ+PSzSyDIFyoV6CoDYUY6.0;server=akswtt00700002r;cloudType=Consumer;environment=Prod_eastus2_prod-s01-050-nam-eastus2;migrationStage=NotStarted}
{"logTime": "0508/045023", "correlationVector":"2EWAk43jjvo46YiqyEaNW0","action":"Normal GetUpdate request", "result":"", "context":cV=2EWAk43jjvo46YiqyEaNW0
Nudged types: History
Refresh requested types: Bookmarks, Passwords, Autofill Profiles, Autofill, History, Edge Wallet, Encryption Keys}
{"logTime": "0508/045024", "correlationVector":"2EWAk43jjvo46YiqyEaNW0.1","action":"SyncServerConnectionManagerRequest", "result":"SYNC_SERVER_OK", "context":{"environment":"Prod_eastus2_prod-s01-050-nam-eastus2", "migrationStage":"NotStarted", "server":"akswtt007000064"}}
{"logTime": "0508/045024", "correlationVector":"2EWAk43jjvo46YiqyEaNW0.2","action":"ProcessGetUpdates", "result":"Done", "context":{"dataType":"Bookmarks", "deleted":"0", "process_failed_to_decrypt":"0", "process_pending_decryption":"0", "process_success":"7", "total":"7"}}
{"logTime": "0508/045024", "correlationVector":"2EWAk43jjvo46YiqyEaNW0.3","action":"ProcessGetUpdates", "result":"Done", "context":{"dataType":"History", "deleted":"0", "process_failed_to_decrypt":"0", "process_pending_decryption":"0", "process_success":"5", "total":"5"}}
{"logTime": "0508/045024", "correlationVector":"2EWAk43jjvo46YiqyEaNW0.4","action":"GetUpdates Response", "result":"Success", "context":Received 12 update(s). cV=2EWAk43jjvo46YiqyEaNW0.0;server=akswtt007000064;cloudType=Consumer;environment=Prod_eastus2_prod-s01-050-nam-eastus2;migrationStage=NotStarted}
{"logTime": "0508/045024", "correlationVector":"E5GYveawx1UJe3QRO4spOL","action":"Commit Request", "result":"", "context":Item count: 3
Contributing types: History}
{"logTime": "0508/045024", "correlationVector":"E5GYveawx1UJe3QRO4spOL.1","action":"SyncServerConnectionManagerRequest", "result":"SYNC_SERVER_OK", "context":{"environment":"Prod_eastus2_prod-s01-050-nam-eastus2", "migrationStage":"NotStarted", "server":"akswtt00700005i"}}
{"logTime": "0508/045024", "correlationVector":"E5GYveawx1UJe3QRO4spOL.2","action":"Commit Response", "result":"Success", "context":Result: Success. cV=E5GYveawx1UJe3QRO4spOL.0;server=akswtt00700005i;cloudType=Consumer;environment=Prod_eastus2_prod-s01-050-nam-eastus2;migrationStage=NotStarted}
{"logTime": "0508/045124", "correlationVector":"4/MrYnaz4h38fxgyUrDkUv","action":"Commit Request", "result":"", "context":Item count: 3
Contributing types: History}
{"logTime": "0508/045125", "correlationVector":"4/MrYnaz4h38fxgyUrDkUv.1","action":"SyncServerConnectionManagerRequest", "result":"SYNC_SERVER_OK", "context":{"environment":"Prod_eastus2_prod-s01-050-nam-eastus2", "migrationStage":"NotStarted", "server":"akswtt00700005f"}}
{"logTime": "0508/045125", "correlationVector":"4/MrYnaz4h38fxgyUrDkUv.2","action":"Commit Response", "result":"Success", "context":Result: Success. cV=4/MrYnaz4h38fxgyUrDkUv.0;server=akswtt00700005f;cloudType=Consumer;environment=Prod_eastus2_prod-s01-050-nam-eastus2;migrationStage=NotStarted}
{"logTime": "0508/045727", "correlationVector":"htnjPB8pVghvlkiVVe2Dp/.1","action":"SyncServerConnectionManagerRequest", "result":"SYNC_SERVER_OK", "context":{"environment":"Prod_eastus2_prod-s01-050-nam-eastus2", "migrationStage":"NotStarted", "server":"akswtt007000071"}}
{"logTime": "0508/045727", "correlationVector":"htnjPB8pVghvlkiVVe2Dp/.2","action":"ProcessGetUpdates", "result":"Done", "context":{"dataType":"Encryption Keys", "deleted":"0", "process_failed_to_decrypt":"0", "process_pending_decryption":"0", "process_success":"1", "total":"1"}}
{"logTime": "0508/045728", "correlationVector":"+plsk94VYDxWNpbjwQ4cgP","action":"SyncServerConnectionManagerRequest", "result":"SYNC_SERVER_OK", "context":{"environment":"", "migrationStage":"", "server":""}}
{"logTime": "0508/045728", "correlationVector":"+plsk94VYDxWNpbjwQ4cgP.0","action":"EncryptionKeysFetcher.DownloadKeys:", "result":"Success", "context":Key count: 10, Last key timestamp: 2025-04-11T21:40:18Z}
{"logTime": "0508/045728", "correlationVector":"+plsk94VYDxWNpbjwQ4cgP.1","action":"EncryptionKeysManager::SetEncryptionKeys:", "result":"Success", "context":Key names[10]:[9hxBfvYgOFs5Tdh4wY8i7IG2KA200YAR9QSmqYsXRUdilUEETgzRN1+V/IV51YfbvpPG9PrdMA4dhcbEuzzIdw==][Z28KmYRlZdXGcuGM2RYAzB4RQ1lO9twMqbzC+7vRek8NR2ADgVUrOf33cEDsNEgNAawVYRY3WgBgn1qG3mbBVQ==][TIL1FstQESVMzqPSYge7xY+MMNe3TB+1Tp6zfPeAgD22Y4/pwE6IblaXrwh+rUqqdRZ8BYtwQYgr0oLA6D7nrQ==][w2AuaCE5h4NoiMpaEcLEgCmVN6DdVabl52UG1YLkb3pmNFaXRyIhmIBXSh2bdHpby68xGoAbe2NQCI27JcaXWg==][zzqzJHEs3xs2JYo01t337M4Va7BS+MZs2S5buMEN9fyojZ0+qNLJ4zfpPVgOM9Np2XTvSAo0Q6Dwc6SYYJsXkQ==][Z2MeiV/pJvpD673dwCEMSDe9/W2z/amhGEsL145iQVjpB/t2F1K4Y3djmIQx/zARuGIIaHuYKI+dc2ww8VwrjA==][BaLzq5UwNa28NnG7+IMmfc2Wo3h433B0tPtiEhAYWR3YLk4C/pxOl6NbVLNVDL8z2qt5NtaJM9gGmx3hVKQGkA==][wUw7k3JBACcHvnwLORPQQP1sAudQ63v4GsJbcSECq9vTvYElOjSeLYZlGfGVvj3ZpvqkAaMbeWim53Z0qxPe9A==][prPqs7OCRpFPwmE02Kyw4Zr5shDsCU3yCKcD74DD55hZ8UfhE67Olj4A1FJca/yxAHXAreoyVnTtnbvYuBwczQ==][rit7lRfoBWDu4MYvGnm/sKrnu8zih1WfLn9MRnYkS5xsF5WlLoSmoRFOzEBF1LhA6zOMI3R9Ue9adcuapAdbfQ==]}
{"logTime": "0508/045728", "correlationVector":"+plsk94VYDxWNpbjwQ4cgP.2","action":"EncryptionKeysManager::SetEncryptionKeysWithTimestamps:", "result":"Success", "context":Key timestamps[10]:[2021-01-15T17:33:39Z][2021-06-15T06:15:29Z][2021-06-30T05:14:13Z][2022-01-01T21:18:16Z][2022-07-05T07:17:50Z][2023-03-24T17:28:14Z][2023-09-28T14:53:24Z][2024-04-01T05:50:50Z][2024-10-13T20:40:25Z][2025-04-11T21:40:18Z]}
{"logTime": "0508/045728", "correlationVector":"htnjPB8pVghvlkiVVe2Dp/","action":"Initial GetUpdates", "result":"", "context":Reason: NEW_CLIENT. cV=htnjPB8pVghvlkiVVe2Dp/}
{"logTime": "0508/045728", "correlationVector":"htnjPB8pVghvlkiVVe2Dp/.3","action":"GetUpdates Response", "result":"Success", "context":Received 1 update(s). cV=htnjPB8pVghvlkiVVe2Dp/.0;server=akswtt007000071;cloudType=Consumer;environment=Prod_eastus2_prod-s01-050-nam-eastus2;migrationStage=NotStarted}
{"logTime": "0508/045728", "correlationVector":"/ljj3UZZOpFqIrGZu0VW4d","action":"Initial GetUpdates", "result":"", "context":Reason: NEWLY_SUPPORTED_DATATYPE. cV=/ljj3UZZOpFqIrGZu0VW4d}
{"logTime": "0508/045728", "correlationVector":"/ljj3UZZOpFqIrGZu0VW4d.1","action":"SyncServerConnectionManagerRequest", "result":"SYNC_SERVER_OK", "context":{"environment":"Prod_eastus2_prod-s01-050-nam-eastus2", "migrationStage":"NotStarted", "server":"akswtt00700004y"}}
{"logTime": "0508/045728", "correlationVector":"/ljj3UZZOpFqIrGZu0VW4d.2","action":"ProcessGetUpdates", "result":"Done", "context":{"dataType":"Passwords", "deleted":"2", "process_failed_to_decrypt":"0", "process_pending_decryption":"0", "process_success":"29", "total":"29"}}
{"logTime": "0508/045728", "correlationVector":"/ljj3UZZOpFqIrGZu0VW4d.3","action":"GetUpdates Response", "result":"Success", "context":Received 29 update(s). cV=/ljj3UZZOpFqIrGZu0VW4d.0;server=akswtt00700004y;cloudType=Consumer;environment=Prod_eastus2_prod-s01-050-nam-eastus2;migrationStage=NotStarted}
{"logTime": "0508/045728", "correlationVector":"WHfqVYh3W+NPbk1iPCQIKi","action":"Normal GetUpdate request", "result":"", "context":cV=WHfqVYh3W+NPbk1iPCQIKi
Nudged types: History
Refresh requested types: Bookmarks, Passwords, Autofill Profiles, Autofill, History, Edge Wallet, Encryption Keys}
{"logTime": "0508/045728", "correlationVector":"WHfqVYh3W+NPbk1iPCQIKi.1","action":"SyncServerConnectionManagerRequest", "result":"SYNC_SERVER_OK", "context":{"environment":"Prod_eastus2_prod-s01-050-nam-eastus2", "migrationStage":"NotStarted", "server":"akswtt00700004u"}}
{"logTime": "0508/045728", "correlationVector":"WHfqVYh3W+NPbk1iPCQIKi.2","action":"ProcessGetUpdates", "result":"Done", "context":{"dataType":"History", "deleted":"0", "process_failed_to_decrypt":"0", "process_pending_decryption":"0", "process_success":"6", "total":"6"}}
{"logTime": "0508/045728", "correlationVector":"WHfqVYh3W+NPbk1iPCQIKi.3","action":"GetUpdates Response", "result":"Success", "context":Received 6 update(s). cV=WHfqVYh3W+NPbk1iPCQIKi.0;server=akswtt00700004u;cloudType=Consumer;environment=Prod_eastus2_prod-s01-050-nam-eastus2;migrationStage=NotStarted}
{"logTime": "0508/045728", "correlationVector":"NgCgrH10QZJB/wII+M108R","action":"Commit Request", "result":"", "context":Item count: 2
Contributing types: History}
{"logTime": "0508/045729", "correlationVector":"NgCgrH10QZJB/wII+M108R.1","action":"SyncServerConnectionManagerRequest", "result":"SYNC_SERVER_OK", "context":{"environment":"Prod_eastus2_prod-s01-050-nam-eastus2", "migrationStage":"NotStarted", "server":"akswtt00700001w"}}
{"logTime": "0508/045729", "correlationVector":"NgCgrH10QZJB/wII+M108R.2","action":"Commit Response", "result":"Success", "context":Result: Success. cV=NgCgrH10QZJB/wII+M108R.0;server=akswtt00700001w;cloudType=Consumer;environment=Prod_eastus2_prod-s01-050-nam-eastus2;migrationStage=NotStarted}
{"logTime": "0508/045908", "correlationVector":"yEHfc8AhbyyNdsLbr1SOqz.1","action":"SyncServerConnectionManagerRequest", "result":"SYNC_SERVER_OK", "context":{"environment":"Prod_eastus2_prod-s01-050-nam-eastus2", "migrationStage":"NotStarted", "server":"akswtt007000038"}}
{"logTime": "0508/045908", "correlationVector":"yEHfc8AhbyyNdsLbr1SOqz.2","action":"ProcessGetUpdates", "result":"Done", "context":{"dataType":"Encryption Keys", "deleted":"0", "process_failed_to_decrypt":"0", "process_pending_decryption":"0", "process_success":"1", "total":"1"}}
{"logTime": "0508/045909", "correlationVector":"wM4VW/J5NSoxyAmu0EeZRQ","action":"SyncServerConnectionManagerRequest", "result":"SYNC_SERVER_OK", "context":{"environment":"", "migrationStage":"", "server":""}}
{"logTime": "0508/045909", "correlationVector":"wM4VW/J5NSoxyAmu0EeZRQ.0","action":"EncryptionKeysFetcher.DownloadKeys:", "result":"Success", "context":Key count: 10, Last key timestamp: 2025-04-11T21:40:18Z}
{"logTime": "0508/045909", "correlationVector":"wM4VW/J5NSoxyAmu0EeZRQ.1","action":"EncryptionKeysManager::SetEncryptionKeys:", "result":"Success", "context":Key names[10]:[9hxBfvYgOFs5Tdh4wY8i7IG2KA200YAR9QSmqYsXRUdilUEETgzRN1+V/IV51YfbvpPG9PrdMA4dhcbEuzzIdw==][Z28KmYRlZdXGcuGM2RYAzB4RQ1lO9twMqbzC+7vRek8NR2ADgVUrOf33cEDsNEgNAawVYRY3WgBgn1qG3mbBVQ==][TIL1FstQESVMzqPSYge7xY+MMNe3TB+1Tp6zfPeAgD22Y4/pwE6IblaXrwh+rUqqdRZ8BYtwQYgr0oLA6D7nrQ==][w2AuaCE5h4NoiMpaEcLEgCmVN6DdVabl52UG1YLkb3pmNFaXRyIhmIBXSh2bdHpby68xGoAbe2NQCI27JcaXWg==][zzqzJHEs3xs2JYo01t337M4Va7BS+MZs2S5buMEN9fyojZ0+qNLJ4zfpPVgOM9Np2XTvSAo0Q6Dwc6SYYJsXkQ==][Z2MeiV/pJvpD673dwCEMSDe9/W2z/amhGEsL145iQVjpB/t2F1K4Y3djmIQx/zARuGIIaHuYKI+dc2ww8VwrjA==][BaLzq5UwNa28NnG7+IMmfc2Wo3h433B0tPtiEhAYWR3YLk4C/pxOl6NbVLNVDL8z2qt5NtaJM9gGmx3hVKQGkA==][wUw7k3JBACcHvnwLORPQQP1sAudQ63v4GsJbcSECq9vTvYElOjSeLYZlGfGVvj3ZpvqkAaMbeWim53Z0qxPe9A==][prPqs7OCRpFPwmE02Kyw4Zr5shDsCU3yCKcD74DD55hZ8UfhE67Olj4A1FJca/yxAHXAreoyVnTtnbvYuBwczQ==][rit7lRfoBWDu4MYvGnm/sKrnu8zih1WfLn9MRnYkS5xsF5WlLoSmoRFOzEBF1LhA6zOMI3R9Ue9adcuapAdbfQ==]}
{"logTime": "0508/045909", "correlationVector":"wM4VW/J5NSoxyAmu0EeZRQ.2","action":"EncryptionKeysManager::SetEncryptionKeysWithTimestamps:", "result":"Success", "context":Key timestamps[10]:[2021-01-15T17:33:39Z][2021-06-15T06:15:29Z][2021-06-30T05:14:13Z][2022-01-01T21:18:16Z][2022-07-05T07:17:50Z][2023-03-24T17:28:14Z][2023-09-28T14:53:24Z][2024-04-01T05:50:50Z][2024-10-13T20:40:25Z][2025-04-11T21:40:18Z]}
{"logTime": "0508/045909", "correlationVector":"yEHfc8AhbyyNdsLbr1SOqz","action":"Initial GetUpdates", "result":"", "context":Reason: NEW_CLIENT. cV=yEHfc8AhbyyNdsLbr1SOqz}
{"logTime": "0508/045909", "correlationVector":"yEHfc8AhbyyNdsLbr1SOqz.3","action":"GetUpdates Response", "result":"Success", "context":Received 1 update(s). cV=yEHfc8AhbyyNdsLbr1SOqz.0;server=akswtt007000038;cloudType=Consumer;environment=Prod_eastus2_prod-s01-050-nam-eastus2;migrationStage=NotStarted}
{"logTime": "0508/045909", "correlationVector":"s8SjDpOiedpHJ1t8a8jxh3","action":"Initial GetUpdates", "result":"", "context":Reason: NEWLY_SUPPORTED_DATATYPE. cV=s8SjDpOiedpHJ1t8a8jxh3}
{"logTime": "0508/045909", "correlationVector":"s8SjDpOiedpHJ1t8a8jxh3.1","action":"SyncServerConnectionManagerRequest", "result":"SYNC_SERVER_OK", "context":{"environment":"Prod_eastus2_prod-s01-050-nam-eastus2", "migrationStage":"NotStarted", "server":"akswtt007000001"}}
{"logTime": "0508/045909", "correlationVector":"s8SjDpOiedpHJ1t8a8jxh3.2","action":"ProcessGetUpdates", "result":"Done", "context":{"dataType":"Passwords", "deleted":"2", "process_failed_to_decrypt":"0", "process_pending_decryption":"0", "process_success":"29", "total":"29"}}
{"logTime": "0508/045909", "correlationVector":"s8SjDpOiedpHJ1t8a8jxh3.3","action":"GetUpdates Response", "result":"Success", "context":Received 29 update(s). cV=s8SjDpOiedpHJ1t8a8jxh3.0;server=akswtt007000001;cloudType=Consumer;environment=Prod_eastus2_prod-s01-050-nam-eastus2;migrationStage=NotStarted}
{"logTime": "0508/045909", "correlationVector":"JnP2qxmxyoMYQXr1sUp9Sv","action":"Normal GetUpdate request", "result":"", "context":cV=JnP2qxmxyoMYQXr1sUp9Sv
Nudged types: History
Refresh requested types: Bookmarks, Passwords, Autofill Profiles, Autofill, History, Edge Wallet, Encryption Keys}
{"logTime": "0508/045910", "correlationVector":"JnP2qxmxyoMYQXr1sUp9Sv.1","action":"SyncServerConnectionManagerRequest", "result":"SYNC_SERVER_OK", "context":{"environment":"Prod_eastus2_prod-s01-050-nam-eastus2", "migrationStage":"NotStarted", "server":"akswtt007000071"}}
{"logTime": "0508/045910", "correlationVector":"JnP2qxmxyoMYQXr1sUp9Sv.2","action":"ProcessGetUpdates", "result":"Done", "context":{"dataType":"History", "deleted":"0", "process_failed_to_decrypt":"0", "process_pending_decryption":"0", "process_success":"2", "total":"2"}}
{"logTime": "0508/045910", "correlationVector":"JnP2qxmxyoMYQXr1sUp9Sv.3","action":"GetUpdates Response", "result":"Success", "context":Received 2 update(s). cV=JnP2qxmxyoMYQXr1sUp9Sv.0;server=akswtt007000071;cloudType=Consumer;environment=Prod_eastus2_prod-s01-050-nam-eastus2;migrationStage=NotStarted}
{"logTime": "0508/045910", "correlationVector":"eqH4oifzcWNZg9CfoEUXa+","action":"Commit Request", "result":"", "context":Item count: 3
Contributing types: History}
{"logTime": "0508/045910", "correlationVector":"eqH4oifzcWNZg9CfoEUXa+.1","action":"SyncServerConnectionManagerRequest", "result":"SYNC_SERVER_OK", "context":{"environment":"Prod_eastus2_prod-s01-050-nam-eastus2", "migrationStage":"NotStarted", "server":"akswtt007000050"}}
{"logTime": "0508/045910", "correlationVector":"eqH4oifzcWNZg9CfoEUXa+.2","action":"Commit Response", "result":"Success", "context":Result: Success. cV=eqH4oifzcWNZg9CfoEUXa+.0;server=akswtt007000050;cloudType=Consumer;environment=Prod_eastus2_prod-s01-050-nam-eastus2;migrationStage=NotStarted}
{"logTime": "0508/050010", "correlationVector":"FRK/d5ORxv1t5ffhU5tRQy","action":"Commit Request", "result":"", "context":Item count: 5
Contributing types: History}
{"logTime": "0508/050011", "correlationVector":"FRK/d5ORxv1t5ffhU5tRQy.1","action":"SyncServerConnectionManagerRequest", "result":"SYNC_SERVER_OK", "context":{"environment":"Prod_eastus2_prod-s01-050-nam-eastus2", "migrationStage":"NotStarted", "server":"akswtt00700003v"}}
{"logTime": "0508/050011", "correlationVector":"FRK/d5ORxv1t5ffhU5tRQy.2","action":"Commit Response", "result":"Success", "context":Result: Success. cV=FRK/d5ORxv1t5ffhU5tRQy.0;server=akswtt00700003v;cloudType=Consumer;environment=Prod_eastus2_prod-s01-050-nam-eastus2;migrationStage=NotStarted}
{"logTime": "0508/050111", "correlationVector":"Gu8+mJ1MVS3VTNP4OQfiUR","action":"Commit Request", "result":"", "context":Item count: 5
Contributing types: History}
{"logTime": "0508/050112", "correlationVector":"Gu8+mJ1MVS3VTNP4OQfiUR.1","action":"SyncServerConnectionManagerRequest", "result":"SYNC_SERVER_OK", "context":{"environment":"Prod_eastus2_prod-s01-050-nam-eastus2", "migrationStage":"NotStarted", "server":"akswtt00700002x"}}
{"logTime": "0508/050112", "correlationVector":"Gu8+mJ1MVS3VTNP4OQfiUR.2","action":"Commit Response", "result":"Success", "context":Result: Success. cV=Gu8+mJ1MVS3VTNP4OQfiUR.0;server=akswtt00700002x;cloudType=Consumer;environment=Prod_eastus2_prod-s01-050-nam-eastus2;migrationStage=NotStarted}
{"logTime": "0508/050224", "correlationVector":"qcKdMblarOex5UZLQmeTjj","action":"Commit Request", "result":"", "context":Item count: 3
Contributing types: History}
{"logTime": "0508/050225", "correlationVector":"qcKdMblarOex5UZLQmeTjj.1","action":"SyncServerConnectionManagerRequest", "result":"SYNC_SERVER_OK", "context":{"environment":"Prod_eastus2_prod-s01-050-nam-eastus2", "migrationStage":"NotStarted", "server":"akswtt00700000e"}}
{"logTime": "0508/050225", "correlationVector":"qcKdMblarOex5UZLQmeTjj.2","action":"Commit Response", "result":"Success", "context":Result: Success. cV=qcKdMblarOex5UZLQmeTjj.0;server=akswtt00700000e;cloudType=Consumer;environment=Prod_eastus2_prod-s01-050-nam-eastus2;migrationStage=NotStarted}
{"logTime": "0508/050400", "correlationVector":"gOjL8OUuYL6LsYUaqE2fxS","action":"Commit Request", "result":"", "context":Item count: 6
Contributing types: History}
{"logTime": "0508/050400", "correlationVector":"gOjL8OUuYL6LsYUaqE2fxS.1","action":"SyncServerConnectionManagerRequest", "result":"SYNC_SERVER_OK", "context":{"environment":"Prod_eastus2_prod-s01-050-nam-eastus2", "migrationStage":"NotStarted", "server":"akswtt007000032"}}
{"logTime": "0508/050400", "correlationVector":"gOjL8OUuYL6LsYUaqE2fxS.2","action":"Commit Response", "result":"Success", "context":Result: Success. cV=gOjL8OUuYL6LsYUaqE2fxS.0;server=akswtt007000032;cloudType=Consumer;environment=Prod_eastus2_prod-s01-050-nam-eastus2;migrationStage=NotStarted}
